// Jest Snapshot v1, https://goo.gl/fbAQLP

exports[`<Main /> should render the heading 1`] = `
.c0 {
  width: 100%;
  height: 100%;
  padding: 3rem;
  display: -webkit-box;
  display: -webkit-flex;
  display: -ms-flexbox;
  display: flex;
  -webkit-flex-direction: column;
  -ms-flex-direction: column;
  flex-direction: column;
  -webkit-align-items: center;
  -webkit-box-align: center;
  -ms-flex-align: center;
  align-items: center;
  -webkit-box-pack: center;
  -webkit-justify-content: center;
  -ms-flex-pack: center;
  justify-content: center;
  color: #6a6b70;
  background-color: #131316;
  text-align: center;
}

.c1 {
  display: -webkit-box;
  display: -webkit-flex;
  display: -ms-flexbox;
  display: flex;
  -webkit-align-items: center;
  -webkit-box-align: center;
  -ms-flex-align: center;
  align-items: center;
  -webkit-box-pack: center;
  -webkit-justify-content: center;
  -ms-flex-pack: center;
  justify-content: center;
  text-align: center;
}

.c2 {
  width: 12rem;
  margin-bottom: 2rem;
}

.c3 {
  font-size: 5rem;
  font-weight: 400;
}

.c4 {
  font-size: 2rem;
  font-weight: 400;
}

.c5 {
  margin-top: 2rem;
  width: min(40rem,100%);
}

<main
  class="c0"
>
  <main
    class="c1"
  >
    <img
      alt="Logo do React, imagem de um Ã¡tomo"
      class="c2"
      src="/img/logo-512.svg"
    />
    <h1
      class="c3"
    >
      Advanced React - Boilerplate
    </h1>
  </main>
  <h2
    class="c4"
  >
    TypeScript, React, NextJs e Styled Components
  </h2>
  <img
    alt="Imagem de um terminal estilo do MacOs"
    class="c5"
    src="/img/icon-512.svg"
  />
</main>
`;
